// Jest Snapshot v1, https://goo.gl/fbAQLP

exports[`Racer Run Should render correctly 1`] = `ShallowWrapper {}`;
